[1.470s] Invoking command in '/home/jashdynamics/robotics-sprint-2026/projects/day6/my_first_package': PYTHONPATH=/home/jashdynamics/robotics-sprint-2026/projects/day6/my_first_package/build/my_first_package/prefix_override:/usr/lib/python3/dist-packages/colcon_core/task/python/colcon_distutils_commands:/home/jashdynamics/robotics-sprint-2026/projects/day6/my_first_package/install/my_first_package/lib/python3.12/site-packages:${PYTHONPATH} /usr/bin/python3 -W ignore:setup.py install is deprecated -W ignore:easy_install command is deprecated setup.py egg_info --egg-base build/my_first_package build --build-base /home/jashdynamics/robotics-sprint-2026/projects/day6/my_first_package/build/my_first_package/build install --record /home/jashdynamics/robotics-sprint-2026/projects/day6/my_first_package/build/my_first_package/install.log --single-version-externally-managed install_data
[1.733s] running egg_info
[1.733s] creating build/my_first_package/my_first_package.egg-info
[1.753s] writing build/my_first_package/my_first_package.egg-info/PKG-INFO
[1.753s] writing dependency_links to build/my_first_package/my_first_package.egg-info/dependency_links.txt
[1.753s] writing entry points to build/my_first_package/my_first_package.egg-info/entry_points.txt
[1.754s] writing requirements to build/my_first_package/my_first_package.egg-info/requires.txt
[1.754s] writing top-level names to build/my_first_package/my_first_package.egg-info/top_level.txt
[1.755s] writing manifest file 'build/my_first_package/my_first_package.egg-info/SOURCES.txt'
[1.805s] reading manifest file 'build/my_first_package/my_first_package.egg-info/SOURCES.txt'
[1.806s] writing manifest file 'build/my_first_package/my_first_package.egg-info/SOURCES.txt'
[1.807s] running build
[1.807s] running build_py
[1.807s] creating /home/jashdynamics/robotics-sprint-2026/projects/day6/my_first_package/build/my_first_package/build
[1.807s] creating /home/jashdynamics/robotics-sprint-2026/projects/day6/my_first_package/build/my_first_package/build/lib
[1.808s] creating /home/jashdynamics/robotics-sprint-2026/projects/day6/my_first_package/build/my_first_package/build/lib/my_first_package
[1.808s] copying my_first_package/__init__.py -> /home/jashdynamics/robotics-sprint-2026/projects/day6/my_first_package/build/my_first_package/build/lib/my_first_package
[1.808s] copying my_first_package/listener.py -> /home/jashdynamics/robotics-sprint-2026/projects/day6/my_first_package/build/my_first_package/build/lib/my_first_package
[1.809s] copying my_first_package/talker.py -> /home/jashdynamics/robotics-sprint-2026/projects/day6/my_first_package/build/my_first_package/build/lib/my_first_package
[1.809s] running install
[1.815s] running install_lib
[1.834s] creating /home/jashdynamics/robotics-sprint-2026/projects/day6/my_first_package/install/my_first_package/lib/python3.12/site-packages/my_first_package
[1.834s] copying /home/jashdynamics/robotics-sprint-2026/projects/day6/my_first_package/build/my_first_package/build/lib/my_first_package/__init__.py -> /home/jashdynamics/robotics-sprint-2026/projects/day6/my_first_package/install/my_first_package/lib/python3.12/site-packages/my_first_package
[1.835s] copying /home/jashdynamics/robotics-sprint-2026/projects/day6/my_first_package/build/my_first_package/build/lib/my_first_package/listener.py -> /home/jashdynamics/robotics-sprint-2026/projects/day6/my_first_package/install/my_first_package/lib/python3.12/site-packages/my_first_package
[1.835s] copying /home/jashdynamics/robotics-sprint-2026/projects/day6/my_first_package/build/my_first_package/build/lib/my_first_package/talker.py -> /home/jashdynamics/robotics-sprint-2026/projects/day6/my_first_package/install/my_first_package/lib/python3.12/site-packages/my_first_package
[1.836s] byte-compiling /home/jashdynamics/robotics-sprint-2026/projects/day6/my_first_package/install/my_first_package/lib/python3.12/site-packages/my_first_package/__init__.py to __init__.cpython-312.pyc
[1.836s] byte-compiling /home/jashdynamics/robotics-sprint-2026/projects/day6/my_first_package/install/my_first_package/lib/python3.12/site-packages/my_first_package/listener.py to listener.cpython-312.pyc
[1.837s] byte-compiling /home/jashdynamics/robotics-sprint-2026/projects/day6/my_first_package/install/my_first_package/lib/python3.12/site-packages/my_first_package/talker.py to talker.cpython-312.pyc
[1.837s] running install_data
[1.838s] creating /home/jashdynamics/robotics-sprint-2026/projects/day6/my_first_package/install/my_first_package/share/ament_index
[1.838s] creating /home/jashdynamics/robotics-sprint-2026/projects/day6/my_first_package/install/my_first_package/share/ament_index/resource_index
[1.838s] creating /home/jashdynamics/robotics-sprint-2026/projects/day6/my_first_package/install/my_first_package/share/ament_index/resource_index/packages
[1.838s] copying resource/my_first_package -> /home/jashdynamics/robotics-sprint-2026/projects/day6/my_first_package/install/my_first_package/share/ament_index/resource_index/packages
[1.838s] copying package.xml -> /home/jashdynamics/robotics-sprint-2026/projects/day6/my_first_package/install/my_first_package/share/my_first_package
[1.839s] running install_egg_info
[1.859s] Copying build/my_first_package/my_first_package.egg-info to /home/jashdynamics/robotics-sprint-2026/projects/day6/my_first_package/install/my_first_package/lib/python3.12/site-packages/my_first_package-0.0.0-py3.12.egg-info
[1.860s] running install_scripts
[1.994s] Installing listener script to /home/jashdynamics/robotics-sprint-2026/projects/day6/my_first_package/install/my_first_package/lib/my_first_package
[1.994s] Installing talker script to /home/jashdynamics/robotics-sprint-2026/projects/day6/my_first_package/install/my_first_package/lib/my_first_package
[1.995s] writing list of installed files to '/home/jashdynamics/robotics-sprint-2026/projects/day6/my_first_package/build/my_first_package/install.log'
[2.027s] Invoked command in '/home/jashdynamics/robotics-sprint-2026/projects/day6/my_first_package' returned '0': PYTHONPATH=/home/jashdynamics/robotics-sprint-2026/projects/day6/my_first_package/build/my_first_package/prefix_override:/usr/lib/python3/dist-packages/colcon_core/task/python/colcon_distutils_commands:/home/jashdynamics/robotics-sprint-2026/projects/day6/my_first_package/install/my_first_package/lib/python3.12/site-packages:${PYTHONPATH} /usr/bin/python3 -W ignore:setup.py install is deprecated -W ignore:easy_install command is deprecated setup.py egg_info --egg-base build/my_first_package build --build-base /home/jashdynamics/robotics-sprint-2026/projects/day6/my_first_package/build/my_first_package/build install --record /home/jashdynamics/robotics-sprint-2026/projects/day6/my_first_package/build/my_first_package/install.log --single-version-externally-managed install_data
