[0.317s] DEBUG:colcon:Command line arguments: ['/usr/bin/colcon', 'build', '--packages-select', 'my_first_package']
[0.317s] DEBUG:colcon:Parsed command line arguments: Namespace(log_base=None, log_level=None, verb_name='build', build_base='build', install_base='install', merge_install=False, symlink_install=False, test_result_base=None, continue_on_error=False, executor='parallel', parallel_workers=8, event_handlers=None, ignore_user_meta=False, metas=['./colcon.meta'], base_paths=['.'], packages_ignore=None, packages_ignore_regex=None, paths=None, packages_up_to=None, packages_up_to_regex=None, packages_above=None, packages_above_and_dependencies=None, packages_above_depth=None, packages_select_by_dep=None, packages_skip_by_dep=None, packages_skip_up_to=None, packages_select_build_failed=False, packages_skip_build_finished=False, packages_select_test_failures=False, packages_skip_test_passed=False, packages_select=['my_first_package'], packages_skip=None, packages_select_regex=None, packages_skip_regex=None, packages_start=None, packages_end=None, allow_overriding=[], cmake_args=None, cmake_target=None, cmake_target_skip_unavailable=False, cmake_clean_cache=False, cmake_clean_first=False, cmake_force_configure=False, ament_cmake_args=None, catkin_cmake_args=None, catkin_skip_building_tests=False, mixin_files=None, mixin=None, verb_parser=<colcon_mixin.mixin.mixin_argument.MixinArgumentDecorator object at 0x7b1630c81bb0>, verb_extension=<colcon_core.verb.build.BuildVerb object at 0x7b1630dae270>, main=<bound method BuildVerb.main of <colcon_core.verb.build.BuildVerb object at 0x7b1630dae270>>, mixin_verb=('build',))
[0.395s] Level 1:colcon.colcon_core.package_discovery:discover_packages(colcon_meta) check parameters
[0.395s] Level 1:colcon.colcon_core.package_discovery:discover_packages(recursive) check parameters
[0.395s] Level 1:colcon.colcon_core.package_discovery:discover_packages(ignore) check parameters
[0.395s] Level 1:colcon.colcon_core.package_discovery:discover_packages(path) check parameters
[0.395s] Level 1:colcon.colcon_core.package_discovery:discover_packages(colcon_meta) discover
[0.395s] Level 1:colcon.colcon_core.package_discovery:discover_packages(recursive) discover
[0.395s] INFO:colcon.colcon_core.package_discovery:Crawling recursively for packages in '/home/jashdynamics/robotics-sprint-2026/projects/day6/my_first_package'
[0.395s] Level 1:colcon.colcon_core.package_identification:_identify(.) by extensions ['ignore', 'ignore_ament_install']
[0.395s] Level 1:colcon.colcon_core.package_identification:_identify(.) by extension 'ignore'
[0.395s] Level 1:colcon.colcon_core.package_identification:_identify(.) by extension 'ignore_ament_install'
[0.395s] Level 1:colcon.colcon_core.package_identification:_identify(.) by extensions ['colcon_pkg']
[0.395s] Level 1:colcon.colcon_core.package_identification:_identify(.) by extension 'colcon_pkg'
[0.395s] Level 1:colcon.colcon_core.package_identification:_identify(.) by extensions ['colcon_meta']
[0.395s] Level 1:colcon.colcon_core.package_identification:_identify(.) by extension 'colcon_meta'
[0.395s] Level 1:colcon.colcon_core.package_identification:_identify(.) by extensions ['ros']
[0.395s] Level 1:colcon.colcon_core.package_identification:_identify(.) by extension 'ros'
[0.446s] DEBUG:colcon.colcon_core.package_identification:Package '.' with type 'ros.ament_python' and name 'my_first_package'
[0.446s] Level 1:colcon.colcon_core.package_discovery:discover_packages(recursive) using defaults
[0.447s] Level 1:colcon.colcon_core.package_discovery:discover_packages(ignore) discover
[0.447s] Level 1:colcon.colcon_core.package_discovery:discover_packages(ignore) using defaults
[0.447s] Level 1:colcon.colcon_core.package_discovery:discover_packages(path) discover
[0.447s] Level 1:colcon.colcon_core.package_discovery:discover_packages(path) using defaults
[0.485s] Level 1:colcon.colcon_core.package_discovery:discover_packages(prefix_path) check parameters
[0.485s] Level 1:colcon.colcon_core.package_discovery:discover_packages(prefix_path) discover
[0.495s] DEBUG:colcon.colcon_installed_package_information.package_discovery:Found 1 installed packages in /home/jashdynamics/ros2_ws/install
[0.499s] DEBUG:colcon.colcon_installed_package_information.package_discovery:Found 323 installed packages in /opt/ros/jazzy
[0.500s] Level 1:colcon.colcon_core.package_discovery:discover_packages(prefix_path) using defaults
[0.658s] Level 5:colcon.colcon_core.verb:set package 'my_first_package' build argument 'cmake_args' from command line to 'None'
[0.658s] Level 5:colcon.colcon_core.verb:set package 'my_first_package' build argument 'cmake_target' from command line to 'None'
[0.658s] Level 5:colcon.colcon_core.verb:set package 'my_first_package' build argument 'cmake_target_skip_unavailable' from command line to 'False'
[0.658s] Level 5:colcon.colcon_core.verb:set package 'my_first_package' build argument 'cmake_clean_cache' from command line to 'False'
[0.658s] Level 5:colcon.colcon_core.verb:set package 'my_first_package' build argument 'cmake_clean_first' from command line to 'False'
[0.658s] Level 5:colcon.colcon_core.verb:set package 'my_first_package' build argument 'cmake_force_configure' from command line to 'False'
[0.658s] Level 5:colcon.colcon_core.verb:set package 'my_first_package' build argument 'ament_cmake_args' from command line to 'None'
[0.658s] Level 5:colcon.colcon_core.verb:set package 'my_first_package' build argument 'catkin_cmake_args' from command line to 'None'
[0.658s] Level 5:colcon.colcon_core.verb:set package 'my_first_package' build argument 'catkin_skip_building_tests' from command line to 'False'
[0.658s] DEBUG:colcon.colcon_core.verb:Building package 'my_first_package' with the following arguments: {'ament_cmake_args': None, 'build_base': '/home/jashdynamics/robotics-sprint-2026/projects/day6/my_first_package/build/my_first_package', 'catkin_cmake_args': None, 'catkin_skip_building_tests': False, 'cmake_args': None, 'cmake_clean_cache': False, 'cmake_clean_first': False, 'cmake_force_configure': False, 'cmake_target': None, 'cmake_target_skip_unavailable': False, 'install_base': '/home/jashdynamics/robotics-sprint-2026/projects/day6/my_first_package/install/my_first_package', 'merge_install': False, 'path': '/home/jashdynamics/robotics-sprint-2026/projects/day6/my_first_package', 'symlink_install': False, 'test_result_base': None}
[0.658s] INFO:colcon.colcon_core.executor:Executing jobs using 'parallel' executor
[0.659s] DEBUG:colcon.colcon_parallel_executor.executor.parallel:run_until_complete
[0.660s] INFO:colcon.colcon_ros.task.ament_python.build:Building ROS package in '/home/jashdynamics/robotics-sprint-2026/projects/day6/my_first_package' with build type 'ament_python'
[0.660s] Level 1:colcon.colcon_core.shell:create_environment_hook('my_first_package', 'ament_prefix_path')
[0.666s] INFO:colcon.colcon_core.plugin_system:Skipping extension 'colcon_core.shell.bat': Not used on non-Windows systems
[0.666s] INFO:colcon.colcon_core.shell:Creating environment hook '/home/jashdynamics/robotics-sprint-2026/projects/day6/my_first_package/install/my_first_package/share/my_first_package/hook/ament_prefix_path.ps1'
[0.670s] INFO:colcon.colcon_core.shell:Creating environment descriptor '/home/jashdynamics/robotics-sprint-2026/projects/day6/my_first_package/install/my_first_package/share/my_first_package/hook/ament_prefix_path.dsv'
[0.672s] INFO:colcon.colcon_core.shell:Creating environment hook '/home/jashdynamics/robotics-sprint-2026/projects/day6/my_first_package/install/my_first_package/share/my_first_package/hook/ament_prefix_path.sh'
[0.673s] INFO:colcon.colcon_core.shell:Skip shell extension 'powershell' for command environment: Not usable outside of PowerShell
[0.673s] DEBUG:colcon.colcon_core.shell:Skip shell extension 'dsv' for command environment
[0.957s] INFO:colcon.colcon_core.task.python.build:Building Python package in '/home/jashdynamics/robotics-sprint-2026/projects/day6/my_first_package'
[0.958s] INFO:colcon.colcon_core.shell:Skip shell extension 'powershell' for command environment: Not usable outside of PowerShell
[0.958s] DEBUG:colcon.colcon_core.shell:Skip shell extension 'dsv' for command environment
[2.131s] DEBUG:colcon.colcon_core.event_handler.log_command:Invoking command in '/home/jashdynamics/robotics-sprint-2026/projects/day6/my_first_package': PYTHONPATH=/home/jashdynamics/robotics-sprint-2026/projects/day6/my_first_package/build/my_first_package/prefix_override:/usr/lib/python3/dist-packages/colcon_core/task/python/colcon_distutils_commands:/home/jashdynamics/robotics-sprint-2026/projects/day6/my_first_package/install/my_first_package/lib/python3.12/site-packages:${PYTHONPATH} /usr/bin/python3 -W ignore:setup.py install is deprecated -W ignore:easy_install command is deprecated setup.py egg_info --egg-base build/my_first_package build --build-base /home/jashdynamics/robotics-sprint-2026/projects/day6/my_first_package/build/my_first_package/build install --record /home/jashdynamics/robotics-sprint-2026/projects/day6/my_first_package/build/my_first_package/install.log --single-version-externally-managed install_data
[2.688s] DEBUG:colcon.colcon_core.event_handler.log_command:Invoked command in '/home/jashdynamics/robotics-sprint-2026/projects/day6/my_first_package' returned '0': PYTHONPATH=/home/jashdynamics/robotics-sprint-2026/projects/day6/my_first_package/build/my_first_package/prefix_override:/usr/lib/python3/dist-packages/colcon_core/task/python/colcon_distutils_commands:/home/jashdynamics/robotics-sprint-2026/projects/day6/my_first_package/install/my_first_package/lib/python3.12/site-packages:${PYTHONPATH} /usr/bin/python3 -W ignore:setup.py install is deprecated -W ignore:easy_install command is deprecated setup.py egg_info --egg-base build/my_first_package build --build-base /home/jashdynamics/robotics-sprint-2026/projects/day6/my_first_package/build/my_first_package/build install --record /home/jashdynamics/robotics-sprint-2026/projects/day6/my_first_package/build/my_first_package/install.log --single-version-externally-managed install_data
[2.757s] Level 1:colcon.colcon_core.environment:checking '/home/jashdynamics/robotics-sprint-2026/projects/day6/my_first_package/install/my_first_package' for CMake module files
[2.757s] Level 1:colcon.colcon_core.environment:checking '/home/jashdynamics/robotics-sprint-2026/projects/day6/my_first_package/install/my_first_package' for CMake config files
[2.758s] Level 1:colcon.colcon_core.environment:checking '/home/jashdynamics/robotics-sprint-2026/projects/day6/my_first_package/install/my_first_package/lib'
[2.758s] Level 1:colcon.colcon_core.environment:checking '/home/jashdynamics/robotics-sprint-2026/projects/day6/my_first_package/install/my_first_package/bin'
[2.759s] Level 1:colcon.colcon_core.environment:checking '/home/jashdynamics/robotics-sprint-2026/projects/day6/my_first_package/install/my_first_package/lib/pkgconfig/my_first_package.pc'
[2.759s] Level 1:colcon.colcon_core.environment:checking '/home/jashdynamics/robotics-sprint-2026/projects/day6/my_first_package/install/my_first_package/lib/python3.12/site-packages'
[2.759s] Level 1:colcon.colcon_core.shell:create_environment_hook('my_first_package', 'pythonpath')
[2.759s] INFO:colcon.colcon_core.shell:Creating environment hook '/home/jashdynamics/robotics-sprint-2026/projects/day6/my_first_package/install/my_first_package/share/my_first_package/hook/pythonpath.ps1'
[2.760s] INFO:colcon.colcon_core.shell:Creating environment descriptor '/home/jashdynamics/robotics-sprint-2026/projects/day6/my_first_package/install/my_first_package/share/my_first_package/hook/pythonpath.dsv'
[2.760s] INFO:colcon.colcon_core.shell:Creating environment hook '/home/jashdynamics/robotics-sprint-2026/projects/day6/my_first_package/install/my_first_package/share/my_first_package/hook/pythonpath.sh'
[2.761s] Level 1:colcon.colcon_core.environment:checking '/home/jashdynamics/robotics-sprint-2026/projects/day6/my_first_package/install/my_first_package/bin'
[2.761s] Level 1:colcon.colcon_core.environment:create_environment_scripts_only(my_first_package)
[2.761s] INFO:colcon.colcon_core.shell:Creating package script '/home/jashdynamics/robotics-sprint-2026/projects/day6/my_first_package/install/my_first_package/share/my_first_package/package.ps1'
[2.764s] INFO:colcon.colcon_core.shell:Creating package descriptor '/home/jashdynamics/robotics-sprint-2026/projects/day6/my_first_package/install/my_first_package/share/my_first_package/package.dsv'
[2.768s] INFO:colcon.colcon_core.shell:Creating package script '/home/jashdynamics/robotics-sprint-2026/projects/day6/my_first_package/install/my_first_package/share/my_first_package/package.sh'
[2.770s] INFO:colcon.colcon_core.shell:Creating package script '/home/jashdynamics/robotics-sprint-2026/projects/day6/my_first_package/install/my_first_package/share/my_first_package/package.bash'
[2.774s] INFO:colcon.colcon_core.shell:Creating package script '/home/jashdynamics/robotics-sprint-2026/projects/day6/my_first_package/install/my_first_package/share/my_first_package/package.zsh'
[2.777s] Level 1:colcon.colcon_core.environment:create_file_with_runtime_dependencies(/home/jashdynamics/robotics-sprint-2026/projects/day6/my_first_package/install/my_first_package/share/colcon-core/packages/my_first_package)
[2.777s] DEBUG:colcon.colcon_parallel_executor.executor.parallel:closing loop
[2.778s] DEBUG:colcon.colcon_parallel_executor.executor.parallel:loop closed
[2.778s] DEBUG:colcon.colcon_parallel_executor.executor.parallel:run_until_complete finished with '0'
[2.779s] DEBUG:colcon.colcon_core.event_reactor:joining thread
[2.842s] INFO:colcon.colcon_core.plugin_system:Skipping extension 'colcon_notification.desktop_notification.notify_send': Could not find 'notify-send'
[2.843s] INFO:colcon.colcon_core.plugin_system:Skipping extension 'colcon_notification.desktop_notification.terminal_notifier': Not used on non-Darwin systems
[2.843s] INFO:colcon.colcon_core.plugin_system:Skipping extension 'colcon_notification.desktop_notification.win32': Not used on non-Windows systems
[2.843s] INFO:colcon.colcon_notification.desktop_notification:Sending desktop notification using 'notify2'
[2.846s] DEBUG:colcon.colcon_notification.desktop_notification.notify2:Failed to initialize notify2: org.freedesktop.DBus.Error.ServiceUnknown: The name org.freedesktop.Notifications was not provided by any .service files
[2.846s] DEBUG:colcon.colcon_core.event_reactor:joined thread
[2.847s] INFO:colcon.colcon_core.shell:Creating prefix script '/home/jashdynamics/robotics-sprint-2026/projects/day6/my_first_package/install/local_setup.ps1'
[2.848s] INFO:colcon.colcon_core.shell:Creating prefix util module '/home/jashdynamics/robotics-sprint-2026/projects/day6/my_first_package/install/_local_setup_util_ps1.py'
[2.850s] INFO:colcon.colcon_core.shell:Creating prefix chain script '/home/jashdynamics/robotics-sprint-2026/projects/day6/my_first_package/install/setup.ps1'
[2.851s] INFO:colcon.colcon_core.shell:Creating prefix script '/home/jashdynamics/robotics-sprint-2026/projects/day6/my_first_package/install/local_setup.sh'
[2.853s] INFO:colcon.colcon_core.shell:Creating prefix util module '/home/jashdynamics/robotics-sprint-2026/projects/day6/my_first_package/install/_local_setup_util_sh.py'
[2.853s] INFO:colcon.colcon_core.shell:Creating prefix chain script '/home/jashdynamics/robotics-sprint-2026/projects/day6/my_first_package/install/setup.sh'
[2.855s] INFO:colcon.colcon_core.shell:Creating prefix script '/home/jashdynamics/robotics-sprint-2026/projects/day6/my_first_package/install/local_setup.bash'
[2.856s] INFO:colcon.colcon_core.shell:Creating prefix chain script '/home/jashdynamics/robotics-sprint-2026/projects/day6/my_first_package/install/setup.bash'
[2.858s] INFO:colcon.colcon_core.shell:Creating prefix script '/home/jashdynamics/robotics-sprint-2026/projects/day6/my_first_package/install/local_setup.zsh'
[2.860s] INFO:colcon.colcon_core.shell:Creating prefix chain script '/home/jashdynamics/robotics-sprint-2026/projects/day6/my_first_package/install/setup.zsh'
