running egg_info
creating build/my_first_package/my_first_package.egg-info
writing build/my_first_package/my_first_package.egg-info/PKG-INFO
writing dependency_links to build/my_first_package/my_first_package.egg-info/dependency_links.txt
writing entry points to build/my_first_package/my_first_package.egg-info/entry_points.txt
writing requirements to build/my_first_package/my_first_package.egg-info/requires.txt
writing top-level names to build/my_first_package/my_first_package.egg-info/top_level.txt
writing manifest file 'build/my_first_package/my_first_package.egg-info/SOURCES.txt'
reading manifest file 'build/my_first_package/my_first_package.egg-info/SOURCES.txt'
writing manifest file 'build/my_first_package/my_first_package.egg-info/SOURCES.txt'
running build
running build_py
creating /home/jashdynamics/robotics-sprint-2026/projects/day6/my_first_ros2_package/build/my_first_package/build
creating /home/jashdynamics/robotics-sprint-2026/projects/day6/my_first_ros2_package/build/my_first_package/build/lib
creating /home/jashdynamics/robotics-sprint-2026/projects/day6/my_first_ros2_package/build/my_first_package/build/lib/my_first_package
copying my_first_package/setup.py -> /home/jashdynamics/robotics-sprint-2026/projects/day6/my_first_ros2_package/build/my_first_package/build/lib/my_first_package
copying my_first_package/listener.py -> /home/jashdynamics/robotics-sprint-2026/projects/day6/my_first_ros2_package/build/my_first_package/build/lib/my_first_package
copying my_first_package/talker.py -> /home/jashdynamics/robotics-sprint-2026/projects/day6/my_first_ros2_package/build/my_first_package/build/lib/my_first_package
running install
running install_lib
creating /home/jashdynamics/robotics-sprint-2026/projects/day6/my_first_ros2_package/install/my_first_package/lib/python3.12/site-packages/my_first_package
copying /home/jashdynamics/robotics-sprint-2026/projects/day6/my_first_ros2_package/build/my_first_package/build/lib/my_first_package/setup.py -> /home/jashdynamics/robotics-sprint-2026/projects/day6/my_first_ros2_package/install/my_first_package/lib/python3.12/site-packages/my_first_package
copying /home/jashdynamics/robotics-sprint-2026/projects/day6/my_first_ros2_package/build/my_first_package/build/lib/my_first_package/listener.py -> /home/jashdynamics/robotics-sprint-2026/projects/day6/my_first_ros2_package/install/my_first_package/lib/python3.12/site-packages/my_first_package
copying /home/jashdynamics/robotics-sprint-2026/projects/day6/my_first_ros2_package/build/my_first_package/build/lib/my_first_package/talker.py -> /home/jashdynamics/robotics-sprint-2026/projects/day6/my_first_ros2_package/install/my_first_package/lib/python3.12/site-packages/my_first_package
byte-compiling /home/jashdynamics/robotics-sprint-2026/projects/day6/my_first_ros2_package/install/my_first_package/lib/python3.12/site-packages/my_first_package/setup.py to setup.cpython-312.pyc
byte-compiling /home/jashdynamics/robotics-sprint-2026/projects/day6/my_first_ros2_package/install/my_first_package/lib/python3.12/site-packages/my_first_package/listener.py to listener.cpython-312.pyc
byte-compiling /home/jashdynamics/robotics-sprint-2026/projects/day6/my_first_ros2_package/install/my_first_package/lib/python3.12/site-packages/my_first_package/talker.py to talker.cpython-312.pyc
running install_data
creating /home/jashdynamics/robotics-sprint-2026/projects/day6/my_first_ros2_package/install/my_first_package/share
creating /home/jashdynamics/robotics-sprint-2026/projects/day6/my_first_ros2_package/install/my_first_package/share/ament_index
creating /home/jashdynamics/robotics-sprint-2026/projects/day6/my_first_ros2_package/install/my_first_package/share/ament_index/resource_index
creating /home/jashdynamics/robotics-sprint-2026/projects/day6/my_first_ros2_package/install/my_first_package/share/ament_index/resource_index/packages
error: can't copy 'resource/my_first_package': doesn't exist or not a regular file
