[0.847s] Invoking command in '/home/jashdynamics/robotics-sprint-2026/projects/day6/my_first_ros2_package': PYTHONPATH=/home/jashdynamics/robotics-sprint-2026/projects/day6/my_first_ros2_package/build/my_first_package/prefix_override:/usr/lib/python3/dist-packages/colcon_core/task/python/colcon_distutils_commands:/home/jashdynamics/robotics-sprint-2026/projects/day6/my_first_ros2_package/install/my_first_package/lib/python3.12/site-packages:${PYTHONPATH} /usr/bin/python3 -W ignore:setup.py install is deprecated -W ignore:easy_install command is deprecated setup.py egg_info --egg-base build/my_first_package build --build-base /home/jashdynamics/robotics-sprint-2026/projects/day6/my_first_ros2_package/build/my_first_package/build install --record /home/jashdynamics/robotics-sprint-2026/projects/day6/my_first_ros2_package/build/my_first_package/install.log --single-version-externally-managed install_data
[1.098s] running egg_info
[1.098s] creating build/my_first_package/my_first_package.egg-info
[1.118s] writing build/my_first_package/my_first_package.egg-info/PKG-INFO
[1.118s] writing dependency_links to build/my_first_package/my_first_package.egg-info/dependency_links.txt
[1.119s] writing entry points to build/my_first_package/my_first_package.egg-info/entry_points.txt
[1.119s] writing requirements to build/my_first_package/my_first_package.egg-info/requires.txt
[1.119s] writing top-level names to build/my_first_package/my_first_package.egg-info/top_level.txt
[1.119s] writing manifest file 'build/my_first_package/my_first_package.egg-info/SOURCES.txt'
[1.159s] reading manifest file 'build/my_first_package/my_first_package.egg-info/SOURCES.txt'
[1.160s] writing manifest file 'build/my_first_package/my_first_package.egg-info/SOURCES.txt'
[1.164s] running build
[1.164s] running build_py
[1.164s] creating /home/jashdynamics/robotics-sprint-2026/projects/day6/my_first_ros2_package/build/my_first_package/build
[1.164s] creating /home/jashdynamics/robotics-sprint-2026/projects/day6/my_first_ros2_package/build/my_first_package/build/lib
[1.164s] creating /home/jashdynamics/robotics-sprint-2026/projects/day6/my_first_ros2_package/build/my_first_package/build/lib/my_first_package
[1.164s] copying my_first_package/setup.py -> /home/jashdynamics/robotics-sprint-2026/projects/day6/my_first_ros2_package/build/my_first_package/build/lib/my_first_package
[1.165s] copying my_first_package/listener.py -> /home/jashdynamics/robotics-sprint-2026/projects/day6/my_first_ros2_package/build/my_first_package/build/lib/my_first_package
[1.165s] copying my_first_package/talker.py -> /home/jashdynamics/robotics-sprint-2026/projects/day6/my_first_ros2_package/build/my_first_package/build/lib/my_first_package
[1.165s] running install
[1.177s] running install_lib
[1.206s] creating /home/jashdynamics/robotics-sprint-2026/projects/day6/my_first_ros2_package/install/my_first_package/lib/python3.12/site-packages/my_first_package
[1.207s] copying /home/jashdynamics/robotics-sprint-2026/projects/day6/my_first_ros2_package/build/my_first_package/build/lib/my_first_package/setup.py -> /home/jashdynamics/robotics-sprint-2026/projects/day6/my_first_ros2_package/install/my_first_package/lib/python3.12/site-packages/my_first_package
[1.207s] copying /home/jashdynamics/robotics-sprint-2026/projects/day6/my_first_ros2_package/build/my_first_package/build/lib/my_first_package/listener.py -> /home/jashdynamics/robotics-sprint-2026/projects/day6/my_first_ros2_package/install/my_first_package/lib/python3.12/site-packages/my_first_package
[1.207s] copying /home/jashdynamics/robotics-sprint-2026/projects/day6/my_first_ros2_package/build/my_first_package/build/lib/my_first_package/talker.py -> /home/jashdynamics/robotics-sprint-2026/projects/day6/my_first_ros2_package/install/my_first_package/lib/python3.12/site-packages/my_first_package
[1.208s] byte-compiling /home/jashdynamics/robotics-sprint-2026/projects/day6/my_first_ros2_package/install/my_first_package/lib/python3.12/site-packages/my_first_package/setup.py to setup.cpython-312.pyc
[1.208s] byte-compiling /home/jashdynamics/robotics-sprint-2026/projects/day6/my_first_ros2_package/install/my_first_package/lib/python3.12/site-packages/my_first_package/listener.py to listener.cpython-312.pyc
[1.209s] byte-compiling /home/jashdynamics/robotics-sprint-2026/projects/day6/my_first_ros2_package/install/my_first_package/lib/python3.12/site-packages/my_first_package/talker.py to talker.cpython-312.pyc
[1.209s] running install_data
[1.210s] creating /home/jashdynamics/robotics-sprint-2026/projects/day6/my_first_ros2_package/install/my_first_package/share
[1.210s] creating /home/jashdynamics/robotics-sprint-2026/projects/day6/my_first_ros2_package/install/my_first_package/share/ament_index
[1.210s] creating /home/jashdynamics/robotics-sprint-2026/projects/day6/my_first_ros2_package/install/my_first_package/share/ament_index/resource_index
[1.211s] creating /home/jashdynamics/robotics-sprint-2026/projects/day6/my_first_ros2_package/install/my_first_package/share/ament_index/resource_index/packages
[1.211s] error: can't copy 'resource/my_first_package': doesn't exist or not a regular file
[1.231s] Invoked command in '/home/jashdynamics/robotics-sprint-2026/projects/day6/my_first_ros2_package' returned '1': PYTHONPATH=/home/jashdynamics/robotics-sprint-2026/projects/day6/my_first_ros2_package/build/my_first_package/prefix_override:/usr/lib/python3/dist-packages/colcon_core/task/python/colcon_distutils_commands:/home/jashdynamics/robotics-sprint-2026/projects/day6/my_first_ros2_package/install/my_first_package/lib/python3.12/site-packages:${PYTHONPATH} /usr/bin/python3 -W ignore:setup.py install is deprecated -W ignore:easy_install command is deprecated setup.py egg_info --egg-base build/my_first_package build --build-base /home/jashdynamics/robotics-sprint-2026/projects/day6/my_first_ros2_package/build/my_first_package/build install --record /home/jashdynamics/robotics-sprint-2026/projects/day6/my_first_ros2_package/build/my_first_package/install.log --single-version-externally-managed install_data
